
> Task :compileJava FAILED
/home/widnees/Desktop/plugins/WidCore/src/main/java/org/widnees/widCore/manager/RtpManager.java:618: error: unreported exception Throwable; must be caught or declared to be thrown
                throw throwable;
                ^
/home/widnees/Desktop/plugins/WidCore/src/main/java/org/widnees/widCore/manager/RtpManager.java:651: error: unreported exception Throwable; must be caught or declared to be thrown
                throw throwable;
                ^
Note: Some input files use or override a deprecated API.
Note: Recompile with -Xlint:deprecation for details.
Note: Some input files use unchecked or unsafe operations.
Note: Recompile with -Xlint:unchecked for details.
2 errors

FAILURE: Build failed with an exception.

* What went wrong:
Execution failed for task ':compileJava'.
> Compilation failed; see the compiler error output for details.

* Try:
> Run with --info option to get more log output.
> Run with --scan to get full insights.

BUILD FAILED in 2s
1 actionable task: 1 executed
